<html>
<body>
<pre>
<h1>µVision Build Log</h1>
<h2>Tool Versions:</h2>
IDE-Version: µVision V5.27.1.0
Copyright (C) 2019 ARM Ltd and ARM Germany GmbH. All rights reserved.
License Information: na na, na, LIC=----
 
Tool Versions:
Toolchain:       MDK-Lite  Version: 5.28.0.0
Toolchain Path:  C:\Keil_v5\ARM\ARMCC\Bin
C Compiler:      Armcc.exe V5.06 update 6 (build 750)
Assembler:       Armasm.exe V5.06 update 6 (build 750)
Linker/Locator:  ArmLink.exe V5.06 update 6 (build 750)
Library Manager: ArmAr.exe V5.06 update 6 (build 750)
Hex Converter:   FromElf.exe V5.06 update 6 (build 750)
CPU DLL:         SARMCM3.DLL V5.28.0.0
Dialog DLL:      DCM.DLL V1.17.3.0
Target DLL:      STLink\ST-LINKIII-KEIL_SWO.dll V3.0.6.0
Dialog DLL:      TCM.DLL V1.36.2.0
 
<h2>Project:</h2>
C:\Users\Admin\Desktop\PROECT\STM32\STM32 MODBUS HMI\STM32 modbus\STM32 modbus\MDK-ARM\STM32 modbus.uvprojx
Project File Date:  01/06/2023

<h2>Output:</h2>
*** Using Compiler 'V5.06 update 6 (build 750)', folder: 'C:\Keil_v5\ARM\ARMCC\Bin'
Build target 'STM32 modbus'
compiling main.c...
../../Core/Src/main.c(301): warning:  #1295-D: Deprecated declaration test_sensor_manual - give arg types
  void test_sensor_manual();
../../Core/Src/main.c(302): warning:  #1295-D: Deprecated declaration test_sensor_auto - give arg types
  void test_sensor_auto();
../../Core/Src/main.c(308): warning:  #1295-D: Deprecated declaration Read_Data_Flash - give arg types
  void Read_Data_Flash();
../../Core/Src/main.c(320): warning:  #1295-D: Deprecated declaration auto_mode - give arg types
  void auto_mode();
../../Core/Src/main.c(787): warning:  #177-D: variable "addr"  was declared but never referenced
  			uint16_t addr = (dataRx[2] << 8) | (dataRx[3]);
../../Core/Src/main.c(850): warning:  #177-D: variable "addr1"  was declared but never referenced
  			uint16_t addr1 = (dataRx[2] << 8) | (dataRx[3]);
../../Core/Src/main.c: 6 warnings, 0 errors
linking...
Program Size: Code=15380 RO-data=804 RW-data=64 ZI-data=1624  
FromELF: creating hex file...
"STM32 modbus\STM32 modbus.axf" - 0 Error(s), 6 Warning(s).

<h2>Software Packages used:</h2>

Package Vendor: ARM
                http://www.keil.com/pack/ARM.CMSIS.5.9.0.pack
                ARM.CMSIS.5.9.0
                CMSIS (Common Microcontroller Software Interface Standard)
   * Component: CORE Version: 5.6.0

Package Vendor: Keil
                http://www.keil.com/pack/Keil.STM32F1xx_DFP.2.4.0.pack
                Keil.STM32F1xx_DFP.2.4.0
                STMicroelectronics STM32F1 Series Device Support, Drivers and Examples

<h2>Collection of Component include folders:</h2>
  .\RTE\_STM32_modbus
  C:\Users\Admin\AppData\Local\Arm\Packs\ARM\CMSIS\5.9.0\CMSIS\Core\Include
  C:\Users\Admin\AppData\Local\Arm\Packs\Keil\STM32F1xx_DFP\2.4.0\Device\Include

<h2>Collection of Component Files used:</h2>

   * Component: ARM::CMSIS:CORE:5.6.0
Build Time Elapsed:  00:00:01
</pre>
</body>
</html>
