<html>
<body>
<pre>
<h1>µVision Build Log</h1>
<h2>Tool Versions:</h2>
IDE-Version: µVision V5.27.1.0
Copyright (C) 2019 ARM Ltd and ARM Germany GmbH. All rights reserved.
License Information: na na, na, LIC=----
 
Tool Versions:
Toolchain:       MDK-Lite  Version: 5.28.0.0
Toolchain Path:  C:\Keil_v5\ARM\ARMCC\Bin
C Compiler:      Armcc.exe V5.06 update 6 (build 750)
Assembler:       Armasm.exe V5.06 update 6 (build 750)
Linker/Locator:  ArmLink.exe V5.06 update 6 (build 750)
Library Manager: ArmAr.exe V5.06 update 6 (build 750)
Hex Converter:   FromElf.exe V5.06 update 6 (build 750)
CPU DLL:         SARMCM3.DLL V5.28.0.0
Dialog DLL:      DCM.DLL V1.17.3.0
Target DLL:      STLink\ST-LINKIII-KEIL_SWO.dll V3.0.6.0
Dialog DLL:      TCM.DLL V1.36.2.0
 
<h2>Project:</h2>
C:\Users\Admin\Desktop\PROECT\STM32\STM32 MODBUS HMI\STM32 modbus\MDK-ARM\STM32 modbus.uvprojx
Project File Date:  12/24/2022

<h2>Output:</h2>
*** Using Compiler 'V5.06 update 6 (build 750)', folder: 'C:\Keil_v5\ARM\ARMCC\Bin'
Build target 'STM32 modbus'
compiling main.c...
../Core/Src/main.c(196): warning:  #1295-D: Deprecated declaration TEST_VAN1 - give arg types
  void TEST_VAN1();
../Core/Src/main.c(197): warning:  #1295-D: Deprecated declaration TEST_VAN2 - give arg types
  void TEST_VAN2();
../Core/Src/main.c(198): warning:  #1295-D: Deprecated declaration TEST_VAN3 - give arg types
  void TEST_VAN3();
../Core/Src/main.c(199): warning:  #1295-D: Deprecated declaration TEST_VAN4 - give arg types
  void TEST_VAN4();
../Core/Src/main.c(200): warning:  #1295-D: Deprecated declaration TEST_VAN5 - give arg types
  void TEST_VAN5();
../Core/Src/main.c(516): warning:  #177-D: variable "addr"  was declared but never referenced
  				uint16_t addr = (dataRx[2] << 8) | (dataRx[3]);	
../Core/Src/main.c(554): warning:  #177-D: variable "addr"  was declared but never referenced
  				uint16_t addr = (dataRx[2] << 8) | (dataRx[3]);
../Core/Src/main.c: 7 warnings, 0 errors
linking...
Program Size: Code=13800 RO-data=804 RW-data=144 ZI-data=1904  
FromELF: creating hex file...
"adc_multichanel\adc_multichanel.axf" - 0 Error(s), 7 Warning(s).

<h2>Software Packages used:</h2>

Package Vendor: ARM
                http://www.keil.com/pack/ARM.CMSIS.5.9.0.pack
                ARM.CMSIS.5.9.0
                CMSIS (Common Microcontroller Software Interface Standard)
   * Component: CORE Version: 5.6.0

Package Vendor: Keil
                http://www.keil.com/pack/Keil.STM32F1xx_DFP.2.4.0.pack
                Keil.STM32F1xx_DFP.2.4.0
                STMicroelectronics STM32F1 Series Device Support, Drivers and Examples

<h2>Collection of Component include folders:</h2>
  .\RTE\_STM32_modbus
  C:\Users\Admin\AppData\Local\Arm\Packs\ARM\CMSIS\5.9.0\CMSIS\Core\Include
  C:\Users\Admin\AppData\Local\Arm\Packs\Keil\STM32F1xx_DFP\2.4.0\Device\Include

<h2>Collection of Component Files used:</h2>

   * Component: ARM::CMSIS:CORE:5.6.0
Build Time Elapsed:  00:00:02
</pre>
</body>
</html>
